---
http_interactions:
- request:
    method: delete
    uri: https://rest.zuora.com/v1/object/account/2c92a008690a61a0016910ecddc619d3
    body:
      encoding: US-ASCII
      string: ''
    headers:
      Content-Type:
      - application/json
      apiAccessKeyId:
      - "{ZUORA_USERNAME}"
      apiSecretAccessKey:
      - "{ZUORA_PASSWORD}"
  response:
    status:
      code: 200
      message: OK
    headers:
      Content-Type:
      - application/json; charset=utf-8
      Server:
      - kong/0.9.9
      zuora-request-id:
      - 85b15100-d816-46c4-90a9-8681fb25d1e4
      X-Kong-Upstream-Latency:
      - '142'
      X-Kong-Proxy-Latency:
      - '0'
      Expires:
      - Thu, 21 Feb 2019 16:39:15 GMT
      Cache-Control:
      - max-age=0, no-cache, no-store
      Pragma:
      - no-cache
      Date:
      - Thu, 21 Feb 2019 16:39:15 GMT
      Content-Length:
      - '57'
      Connection:
      - keep-alive
    body:
      encoding: UTF-8
      string: '{"id":"2c92a008690a61a0016910ecddc619d3","success":true}

'
    http_version: 
  recorded_at: Thu, 21 Feb 2019 16:39:15 GMT
- request:
    method: get
    uri: https://rest.zuora.com/v1/object/account/2c92a008690a61a0016910ecddc619d3
    body:
      encoding: US-ASCII
      string: ''
    headers:
      Content-Type:
      - application/json
      apiAccessKeyId:
      - "{ZUORA_USERNAME}"
      apiSecretAccessKey:
      - "{ZUORA_PASSWORD}"
  response:
    status:
      code: 404
      message: Not Found
    headers:
      Content-Type:
      - application/json; charset=utf-8
      Server:
      - kong/0.9.9
      zuora-request-id:
      - 4a1f7e9f-fd0e-4187-9512-19258b4eca85
      X-Kong-Upstream-Latency:
      - '42'
      X-Kong-Proxy-Latency:
      - '0'
      Expires:
      - Thu, 21 Feb 2019 16:39:20 GMT
      Cache-Control:
      - max-age=0, no-cache, no-store
      Pragma:
      - no-cache
      Date:
      - Thu, 21 Feb 2019 16:39:20 GMT
      Content-Length:
      - '36'
      Connection:
      - keep-alive
    body:
      encoding: UTF-8
      string: '{"records":[],"size":0,"done":true}

'
    http_version: 
  recorded_at: Thu, 21 Feb 2019 16:39:20 GMT
- request:
    method: delete
    uri: https://rest.zuora.com/v1/object/account/2c92a0fc690db104016910ece4fc24fe
    body:
      encoding: US-ASCII
      string: ''
    headers:
      Content-Type:
      - application/json
      apiAccessKeyId:
      - "{ZUORA_USERNAME}"
      apiSecretAccessKey:
      - "{ZUORA_PASSWORD}"
  response:
    status:
      code: 200
      message: OK
    headers:
      Content-Type:
      - application/json; charset=utf-8
      Server:
      - kong/0.9.9
      zuora-request-id:
      - ebef425e-a233-4302-8a52-2efbf3e03072
      X-Kong-Upstream-Latency:
      - '121'
      X-Kong-Proxy-Latency:
      - '0'
      Expires:
      - Thu, 21 Feb 2019 16:39:20 GMT
      Cache-Control:
      - max-age=0, no-cache, no-store
      Pragma:
      - no-cache
      Date:
      - Thu, 21 Feb 2019 16:39:20 GMT
      Content-Length:
      - '57'
      Connection:
      - keep-alive
    body:
      encoding: UTF-8
      string: '{"id":"2c92a0fc690db104016910ece4fc24fe","success":true}

'
    http_version: 
  recorded_at: Thu, 21 Feb 2019 16:39:20 GMT
- request:
    method: get
    uri: https://rest.zuora.com/v1/object/account/2c92a0fc690db104016910ece4fc24fe
    body:
      encoding: US-ASCII
      string: ''
    headers:
      Content-Type:
      - application/json
      apiAccessKeyId:
      - "{ZUORA_USERNAME}"
      apiSecretAccessKey:
      - "{ZUORA_PASSWORD}"
  response:
    status:
      code: 404
      message: Not Found
    headers:
      Content-Type:
      - application/json; charset=utf-8
      Server:
      - kong/0.9.9
      zuora-request-id:
      - 5453df72-ba55-47d5-9bd2-8888be7206fd
      X-Kong-Upstream-Latency:
      - '46'
      X-Kong-Proxy-Latency:
      - '0'
      Expires:
      - Thu, 21 Feb 2019 16:39:25 GMT
      Cache-Control:
      - max-age=0, no-cache, no-store
      Pragma:
      - no-cache
      Date:
      - Thu, 21 Feb 2019 16:39:25 GMT
      Content-Length:
      - '36'
      Connection:
      - keep-alive
    body:
      encoding: UTF-8
      string: '{"records":[],"size":0,"done":true}

'
    http_version: 
  recorded_at: Thu, 21 Feb 2019 16:39:25 GMT
recorded_with: VCR 4.0.0
